Nothing to build in platform 'system_design_wrapper'

15:35:17 **** Clean-only build of configuration Debug for project AES_Interrupt_Vitis ****
make clean 
rm -rf  ./src/helloworld.o ./src/platform.o  ./src/helloworld.d ./src/platform.d  AES_Interrupt_Vitis.elf.size  AES_Interrupt_Vitis.elf
' '
15:35:18 **** Incremental Build of configuration Debug for project AES_Interrupt_Vitis ****
make all 
make --no-print-directory pre-build
a9-linaro-pre-build-step
' '
make --no-print-directory main-build
'Building file: ../src/AES.c'
'Invoking: ARM v7 gcc compiler'
arm-none-eabi-gcc -Wall -O0 -g3 -c -fmessage-length=0 -MT"src/AES.o" -mcpu=cortex-a9 -mfpu=vfpv3 -mfloat-abi=hard -ID:/esisar/SOC/soc_git/SOC_AES_PROJECT/SOC_Interrupt_try/Vitis/system_design_wrapper/export/system_design_wrapper/sw/system_design_wrapper/standalone_domain/bspinclude/include -MMD -MP -MF"src/AES.d" -MT"src/AES.o" -o "src/AES.o" "../src/AES.c"
In file included from ../src/AES.c:54:
D:/esisar/SOC/soc_git/SOC_AES_PROJECT/SOC_Interrupt_try/Vitis/system_design_wrapper/export/system_design_wrapper/sw/system_design_wrapper/standalone_domain/bspinclude/include/xbasic_types.h:118:2: warning: #warning The xbasics_type.h file is deprecated and users should use xil_types.h and xil_assert. [-Wcpp]
 #warning  The xbasics_type.h file is deprecated and users should use xil_types.h and xil_assert.
  ^~~~~~~
D:/esisar/SOC/soc_git/SOC_AES_PROJECT/SOC_Interrupt_try/Vitis/system_design_wrapper/export/system_design_wrapper/sw/system_design_wrapper/standalone_domain/bspinclude/include/xbasic_types.h:119:2: warning: #warning Please refer the Standalone BSP UG647 for further details [-Wcpp]
 #warning  Please refer the Standalone BSP UG647 for further details
  ^~~~~~~
In file included from ../src/AES.c:57:
D:/esisar/SOC/soc_git/SOC_AES_PROJECT/SOC_Interrupt_try/Vitis/system_design_wrapper/export/system_design_wrapper/sw/system_design_wrapper/standalone_domain/bspinclude/include/xtime_l.h:85:9: note: #pragma message: For the sleep routines, Global timer is being used
 #pragma message ("For the sleep routines, Global timer is being used")
         ^~~~~~~
../src/AES.c: In function 'Initialize_Encryption_Interrupt':
../src/AES.c:187:11: warning: 'return' with a value, in function returning void
    return -1;
           ^
../src/AES.c:176:13: note: declared here
 static void Initialize_Encryption_Interrupt(){
             ^~~~~~~~~~~~~~~~~~~~~~~~~~~~~~~
../src/AES.c:195:11: warning: 'return' with a value, in function returning void
    return -1;
           ^
../src/AES.c:176:13: note: declared here
 static void Initialize_Encryption_Interrupt(){
             ^~~~~~~~~~~~~~~~~~~~~~~~~~~~~~~
'Finished building: ../src/AES.c'
' '
'Building file: ../src/platform.c'
'Invoking: ARM v7 gcc compiler'
arm-none-eabi-gcc -Wall -O0 -g3 -c -fmessage-length=0 -MT"src/platform.o" -mcpu=cortex-a9 -mfpu=vfpv3 -mfloat-abi=hard -ID:/esisar/SOC/soc_git/SOC_AES_PROJECT/SOC_Interrupt_try/Vitis/system_design_wrapper/export/system_design_wrapper/sw/system_design_wrapper/standalone_domain/bspinclude/include -MMD -MP -MF"src/platform.d" -MT"src/platform.o" -o "src/platform.o" "../src/platform.c"
'Finished building: ../src/platform.c'
' '
'Building target: AES_Interrupt_Vitis.elf'
'Invoking: ARM v7 gcc linker'
arm-none-eabi-gcc -mcpu=cortex-a9 -mfpu=vfpv3 -mfloat-abi=hard -Wl,-build-id=none -specs=Xilinx.spec -Wl,-T -Wl,../src/lscript.ld -LD:/esisar/SOC/soc_git/SOC_AES_PROJECT/SOC_Interrupt_try/Vitis/system_design_wrapper/export/system_design_wrapper/sw/system_design_wrapper/standalone_domain/bsplib/lib -o "AES_Interrupt_Vitis.elf"  ./src/AES.o ./src/platform.o   -Wl,--start-group,-lxil,-lgcc,-lc,--end-group
'Finished building target: AES_Interrupt_Vitis.elf'
' '
'Invoking: ARM v7 Print Size'
arm-none-eabi-size AES_Interrupt_Vitis.elf  |tee "AES_Interrupt_Vitis.elf.size"
   text	   data	    bss	    dec	    hex	filename
  58468	   3376	  23392	  85236	  14cf4	AES_Interrupt_Vitis.elf
'Finished building: AES_Interrupt_Vitis.elf.size'
' '
