14:55:23 **** Incremental Build of configuration Debug for project AES_VERILOG_FULL_INTR ****
make all 
make --no-print-directory pre-build
a9-linaro-pre-build-step
' '
make --no-print-directory main-build
'Building file: ../src/AES_FULL.c'
'Invoking: ARM v7 gcc compiler'
arm-none-eabi-gcc -Wall -O0 -g3 -c -fmessage-length=0 -MT"src/AES_FULL.o" -mcpu=cortex-a9 -mfpu=vfpv3 -mfloat-abi=hard -IH:/SOC_Project/SOC_AES_PROJET/SOC_AES_PROJECT/SOC_Verilog_Core_With_INTR/SOC_AES_ECB_INTR/AES_ECB_INTR_FULL_wrapper/export/AES_ECB_INTR_FULL_wrapper/sw/AES_ECB_INTR_FULL_wrapper/standalone_domain/bspinclude/include -MMD -MP -MF"src/AES_FULL.d" -MT"src/AES_FULL.o" -o "src/AES_FULL.o" "../src/AES_FULL.c"
In file included from ../src/AES_FULL.c:54:
H:/SOC_Project/SOC_AES_PROJET/SOC_AES_PROJECT/SOC_Verilog_Core_With_INTR/SOC_AES_ECB_INTR/AES_ECB_INTR_FULL_wrapper/export/AES_ECB_INTR_FULL_wrapper/sw/AES_ECB_INTR_FULL_wrapper/standalone_domain/bspinclude/include/xbasic_types.h:118:2: warning: #warning The xbasics_type.h file is deprecated and users should use xil_types.h and xil_assert. [-Wcpp]
 #warning  The xbasics_type.h file is deprecated and users should use xil_types.h and xil_assert.
  ^~~~~~~
H:/SOC_Project/SOC_AES_PROJET/SOC_AES_PROJECT/SOC_Verilog_Core_With_INTR/SOC_AES_ECB_INTR/AES_ECB_INTR_FULL_wrapper/export/AES_ECB_INTR_FULL_wrapper/sw/AES_ECB_INTR_FULL_wrapper/standalone_domain/bspinclude/include/xbasic_types.h:119:2: warning: #warning Please refer the Standalone BSP UG647 for further details [-Wcpp]
 #warning  Please refer the Standalone BSP UG647 for further details
  ^~~~~~~
In file included from ../src/AES_FULL.c:57:
H:/SOC_Project/SOC_AES_PROJET/SOC_AES_PROJECT/SOC_Verilog_Core_With_INTR/SOC_AES_ECB_INTR/AES_ECB_INTR_FULL_wrapper/export/AES_ECB_INTR_FULL_wrapper/sw/AES_ECB_INTR_FULL_wrapper/standalone_domain/bspinclude/include/xtime_l.h:85:9: note: #pragma message: For the sleep routines, Global timer is being used
 #pragma message ("For the sleep routines, Global timer is being used")
         ^~~~~~~
../src/AES_FULL.c: In function 'AES_Encryption_Interrupt_init':
../src/AES_FULL.c:221:11: warning: 'return' with a value, in function returning void
    return -1;
           ^
../src/AES_FULL.c:208:13: note: declared here
 static void AES_Encryption_Interrupt_init(){
             ^~~~~~~~~~~~~~~~~~~~~~~~~~~~~
../src/AES_FULL.c:229:12: warning: 'return' with a value, in function returning void
     return -1;
            ^
../src/AES_FULL.c:208:13: note: declared here
 static void AES_Encryption_Interrupt_init(){
             ^~~~~~~~~~~~~~~~~~~~~~~~~~~~~
../src/AES_FULL.c:241:12: warning: 'return' with a value, in function returning void
     return -1;
            ^
../src/AES_FULL.c:208:13: note: declared here
 static void AES_Encryption_Interrupt_init(){
             ^~~~~~~~~~~~~~~~~~~~~~~~~~~~~
'Finished building: ../src/AES_FULL.c'
' '
'Building target: AES_VERILOG_FULL_INTR.elf'
'Invoking: ARM v7 gcc linker'
arm-none-eabi-gcc -mcpu=cortex-a9 -mfpu=vfpv3 -mfloat-abi=hard -Wl,-build-id=none -specs=Xilinx.spec -Wl,-T -Wl,../src/lscript.ld -LH:/SOC_Project/SOC_AES_PROJET/SOC_AES_PROJECT/SOC_Verilog_Core_With_INTR/SOC_AES_ECB_INTR/AES_ECB_INTR_FULL_wrapper/export/AES_ECB_INTR_FULL_wrapper/sw/AES_ECB_INTR_FULL_wrapper/standalone_domain/bsplib/lib -o "AES_VERILOG_FULL_INTR.elf"  ./src/AES_FULL.o ./src/platform.o   -Wl,--start-group,-lxil,-lgcc,-lc,--end-group
'Finished building target: AES_VERILOG_FULL_INTR.elf'
' '
'Invoking: ARM v7 Print Size'
arm-none-eabi-size AES_VERILOG_FULL_INTR.elf  |tee "AES_VERILOG_FULL_INTR.elf.size"
   text	   data	    bss	    dec	    hex	filename
  59196	   3376	  23408	  85980	  14fdc	AES_VERILOG_FULL_INTR.elf
'Finished building: AES_VERILOG_FULL_INTR.elf.size'
' '

14:55:24 Build Finished (took 1s.442ms)

