14:15:25 **** Incremental Build of configuration Debug for project AES_ECB_2_Vitis ****
make all 
make --no-print-directory pre-build
a9-linaro-pre-build-step
' '
make --no-print-directory main-build
'Building file: ../src/AES.c'
'Invoking: ARM v7 gcc compiler'
arm-none-eabi-gcc -Wall -O0 -g3 -c -fmessage-length=0 -MT"src/AES.o" -mcpu=cortex-a9 -mfpu=vfpv3 -mfloat-abi=hard -IH:/SOC_Project/SOC_AES_PROJECT/SOC_project_core2/SOC_AES_ECB_2_edited/AES_ECB_wrapper/export/AES_ECB_wrapper/sw/AES_ECB_wrapper/standalone_domain/bspinclude/include -MMD -MP -MF"src/AES.d" -MT"src/AES.o" -o "src/AES.o" "../src/AES.c"
In file included from ../src/AES.c:54:
H:/SOC_Project/SOC_AES_PROJECT/SOC_project_core2/SOC_AES_ECB_2_edited/AES_ECB_wrapper/export/AES_ECB_wrapper/sw/AES_ECB_wrapper/standalone_domain/bspinclude/include/xbasic_types.h:118:2: warning: #warning The xbasics_type.h file is deprecated and users should use xil_types.h and xil_assert. [-Wcpp]
 #warning  The xbasics_type.h file is deprecated and users should use xil_types.h and xil_assert.
  ^~~~~~~
H:/SOC_Project/SOC_AES_PROJECT/SOC_project_core2/SOC_AES_ECB_2_edited/AES_ECB_wrapper/export/AES_ECB_wrapper/sw/AES_ECB_wrapper/standalone_domain/bspinclude/include/xbasic_types.h:119:2: warning: #warning Please refer the Standalone BSP UG647 for further details [-Wcpp]
 #warning  Please refer the Standalone BSP UG647 for further details
  ^~~~~~~
In file included from ../src/AES.c:57:
H:/SOC_Project/SOC_AES_PROJECT/SOC_project_core2/SOC_AES_ECB_2_edited/AES_ECB_wrapper/export/AES_ECB_wrapper/sw/AES_ECB_wrapper/standalone_domain/bspinclude/include/xtime_l.h:85:9: note: #pragma message: For the sleep routines, Global timer is being used
 #pragma message ("For the sleep routines, Global timer is being used")
         ^~~~~~~
'Finished building: ../src/AES.c'
' '
'Building target: AES_ECB_2_Vitis.elf'
'Invoking: ARM v7 gcc linker'
arm-none-eabi-gcc -mcpu=cortex-a9 -mfpu=vfpv3 -mfloat-abi=hard -Wl,-build-id=none -specs=Xilinx.spec -Wl,-T -Wl,../src/lscript.ld -LH:/SOC_Project/SOC_AES_PROJECT/SOC_project_core2/SOC_AES_ECB_2_edited/AES_ECB_wrapper/export/AES_ECB_wrapper/sw/AES_ECB_wrapper/standalone_domain/bsplib/lib -o "AES_ECB_2_Vitis.elf"  ./src/AES.o ./src/platform.o   -Wl,--start-group,-lxil,-lgcc,-lc,--end-group
'Finished building target: AES_ECB_2_Vitis.elf'
' '
'Invoking: ARM v7 Print Size'
arm-none-eabi-size AES_ECB_2_Vitis.elf  |tee "AES_ECB_2_Vitis.elf.size"
   text	   data	    bss	    dec	    hex	filename
  30608	   1560	  23304	  55472	   d8b0	AES_ECB_2_Vitis.elf
'Finished building: AES_ECB_2_Vitis.elf.size'
' '

14:15:26 Build Finished (took 1s.253ms)

